#
# There is insufficient memory for the Java Runtime Environment to continue.
# Native memory allocation (mmap) failed to map 528482304 bytes. Error detail: G1 virtual space
# Possible reasons:
#   The system is out of physical RAM or swap space
#   This process is running with CompressedOops enabled, and the Java Heap may be blocking the growth of the native heap
# Possible solutions:
#   Reduce memory load on the system
#   Increase physical memory or swap space
#   Check if swap backing store is full
#   Decrease Java heap size (-Xmx/-Xms)
#   Decrease number of Java threads
#   Decrease Java thread stack sizes (-Xss)
#   Set larger code cache with -XX:ReservedCodeCacheSize=
#   JVM is running with Zero Based Compressed Oops mode in which the Java heap is
#     placed in the first 32GB address space. The Java Heap base address is the
#     maximum limit for the native heap growth. Please use -XX:HeapBaseMinAddress
#     to set the Java Heap base and to place the Java Heap above 32GB virtual address.
# This output file may be truncated or incomplete.
#
#  Out of Memory Error (os_windows.cpp:3898), pid=18500, tid=46576
#
# JRE version:  (21.0.7+6) (build )
# Java VM: OpenJDK 64-Bit Server VM (21.0.7+6-b1038.58, mixed mode, sharing, tiered, compressed oops, compressed class ptrs, g1 gc, windows-amd64)
# No core dump will be written. Minidumps are not enabled by default on client versions of Windows
#

---------------  S U M M A R Y ------------

Command Line: git4idea.http.GitAskPassApp Username for 'https://gitee.com': 

Host: Intel(R) Core(TM) Ultra 5 125H, 18 cores, 31G,  Windows 11 , 64 bit Build 26100 (10.0.26100.7309)
Time: Sat Dec 20 15:56:49 2025  Windows 11 , 64 bit Build 26100 (10.0.26100.7309) elapsed time: 1.609060 seconds (0d 0h 0m 1s)

---------------  T H R E A D  ---------------

Current thread (0x000001d8da489830):  JavaThread "Unknown thread" [_thread_in_vm, id=46576, stack(0x0000002fd6000000,0x0000002fd6100000) (1024K)]

Stack: [0x0000002fd6000000,0x0000002fd6100000]
Native frames: (J=compiled Java code, j=interpreted, Vv=VM code, C=native code)
V  [jvm.dll+0x6e7c19]
V  [jvm.dll+0x8c5f53]
V  [jvm.dll+0x8c84ae]
V  [jvm.dll+0x8c8b93]
V  [jvm.dll+0x2899e6]
V  [jvm.dll+0x6e4455]
V  [jvm.dll+0x6d7f1a]
V  [jvm.dll+0x3640db]
V  [jvm.dll+0x36bca6]
V  [jvm.dll+0x3be046]
V  [jvm.dll+0x3be318]
V  [jvm.dll+0x33681c]
V  [jvm.dll+0x33750b]
V  [jvm.dll+0x88d3b9]
V  [jvm.dll+0x3cb218]
V  [jvm.dll+0x876408]
V  [jvm.dll+0x45ff5e]
V  [jvm.dll+0x461c41]
C  [jli.dll+0x52ab]
C  [ucrtbase.dll+0x37b0]
C  [KERNEL32.DLL+0x2e8d7]
C  [ntdll.dll+0x8c53c]


---------------  P R O C E S S  ---------------

Threads class SMR info:
_java_thread_list=0x00007ff93a90d188, length=0, elements={
}

Java Threads: ( => current thread )
Total: 0

Other Threads:
  0x000001d8da5309a0 WorkerThread "GC Thread#0"                     [id=17472, stack(0x0000002fd6100000,0x0000002fd6200000) (1024K)]
  0x000001d8da541540 ConcurrentGCThread "G1 Main Marker"            [id=54124, stack(0x0000002fd6200000,0x0000002fd6300000) (1024K)]
  0x000001d8da542ec0 WorkerThread "G1 Conc#0"                       [id=49244, stack(0x0000002fd6300000,0x0000002fd6400000) (1024K)]

[error occurred during error reporting (printing all threads), id 0xc0000005, EXCEPTION_ACCESS_VIOLATION (0xc0000005) at pc=0x00007ff939ff98f7]
VM state: not at safepoint (not fully initialized)

VM Mutex/Monitor currently owned by a thread:  ([mutex/lock_event])
[0x00007ff93a981bc8] Heap_lock - owner thread: 0x000001d8da489830

Heap address: 0x0000000608800000, size: 8056 MB, Compressed Oops mode: Zero based, Oop shift amount: 3

CDS archive(s) mapped at: [0x0000000000000000-0x0000000000000000-0x0000000000000000), size 0, SharedBaseAddress: 0x0000000800000000, ArchiveRelocationMode: 1.
Narrow klass base: 0x0000000000000000, Narrow klass shift: 0, Narrow klass range: 0x0

GC Precious Log:
 CardTable entry size: 512
 Card Set container configuration: InlinePtr #cards 4 size 8 Array Of Cards #cards 32 size 80 Howl #buckets 8 coarsen threshold 7372 Howl Bitmap #cards 1024 size 144 coarsen threshold 921 Card regions per heap region 1 cards per card region 8192

Heap:
 garbage-first heap   total 0K, used 0K [0x0000000608800000, 0x0000000800000000)
  region size 4096K, 0 young (0K), 0 survivors (0K)
 Metaspace       used 0K, committed 0K, reserved 0K
  class space    used 0K, committed 0K, reserved 0K

Heap Regions: E=young(eden), S=young(survivor), O=old, HS=humongous(starts), HC=humongous(continues), CS=collection set, F=free, TAMS=top-at-mark-start, PB=parsable bottom

Card table byte_map: [0x000001d8eee20000,0x000001d8efde0000] _byte_map_base: 0x000001d8ebddc000

Marking Bits: (CMBitMap*) 0x000001d8da5310a0
 Bits: [0x000001d8efde0000, 0x000001d8f7bc0000)

GC Heap History (0 events):
No events

Dll operation events (1 events):
Event: 0.018 Loaded shared library D:\Program Files\JetBrains\IntelliJ IDEA Community Edition 2025.2\jbr\bin\java.dll

Deoptimization events (0 events):
No events

Classes loaded (0 events):
No events

Classes unloaded (0 events):
No events

Classes redefined (0 events):
No events

Internal exceptions (0 events):
No events

ZGC Phase Switch (0 events):
No events

VM Operations (0 events):
No events

Memory protections (0 events):
No events

Nmethod flushes (0 events):
No events

Events (0 events):
No events


Dynamic libraries:
0x00007ff7a1670000 - 0x00007ff7a167a000 	D:\Program Files\JetBrains\IntelliJ IDEA Community Edition 2025.2\jbr\bin\java.exe
0x00007ffa527e0000 - 0x00007ffa52a47000 	C:\windows\SYSTEM32\ntdll.dll
0x00007ffa51f80000 - 0x00007ffa52049000 	C:\windows\System32\KERNEL32.DLL
0x00007ffa4fdd0000 - 0x00007ffa501bf000 	C:\windows\System32\KERNELBASE.dll
0x00007ffa4fc80000 - 0x00007ffa4fdcb000 	C:\windows\System32\ucrtbase.dll
0x00007ffa136a0000 - 0x00007ffa136b8000 	D:\Program Files\JetBrains\IntelliJ IDEA Community Edition 2025.2\jbr\bin\jli.dll
0x00007ffa52370000 - 0x00007ffa52535000 	C:\windows\System32\USER32.dll
0x00007ffa1ef00000 - 0x00007ffa1ef1b000 	D:\Program Files\JetBrains\IntelliJ IDEA Community Edition 2025.2\jbr\bin\VCRUNTIME140.dll
0x00007ffa27100000 - 0x00007ffa27393000 	C:\windows\WinSxS\amd64_microsoft.windows.common-controls_6595b64144ccf1df_6.0.26100.7309_none_3e05feeae336a044\COMCTL32.dll
0x00007ffa503d0000 - 0x00007ffa503f7000 	C:\windows\System32\win32u.dll
0x00007ffa51b60000 - 0x00007ffa51b8b000 	C:\windows\System32\GDI32.dll
0x00007ffa4faa0000 - 0x00007ffa4fbcc000 	C:\windows\System32\gdi32full.dll
0x00007ffa4f930000 - 0x00007ffa4f9d3000 	C:\windows\System32\msvcp_win.dll
0x00007ffa515c0000 - 0x00007ffa51669000 	C:\windows\System32\msvcrt.dll
0x00007ffa51410000 - 0x00007ffa51441000 	C:\windows\System32\IMM32.DLL
0x00007ffa1eef0000 - 0x00007ffa1eefc000 	D:\Program Files\JetBrains\IntelliJ IDEA Community Edition 2025.2\jbr\bin\vcruntime140_1.dll
0x00007ff9eee50000 - 0x00007ff9eeedd000 	D:\Program Files\JetBrains\IntelliJ IDEA Community Edition 2025.2\jbr\bin\msvcp140.dll
0x00007ff939cb0000 - 0x00007ff93aa74000 	D:\Program Files\JetBrains\IntelliJ IDEA Community Edition 2025.2\jbr\bin\server\jvm.dll
0x00007ffa51b90000 - 0x00007ffa51c44000 	C:\windows\System32\ADVAPI32.dll
0x00007ffa522c0000 - 0x00007ffa52366000 	C:\windows\System32\sechost.dll
0x00007ffa52080000 - 0x00007ffa52198000 	C:\windows\System32\RPCRT4.dll
0x00007ffa525f0000 - 0x00007ffa52664000 	C:\windows\System32\WS2_32.dll
0x00007ffa4f7b0000 - 0x00007ffa4f80e000 	C:\windows\SYSTEM32\POWRPROF.dll
0x00007ffa492e0000 - 0x00007ffa49315000 	C:\windows\SYSTEM32\WINMM.dll
0x00007ffa48f50000 - 0x00007ffa48f5b000 	C:\windows\SYSTEM32\VERSION.dll
0x00007ffa4f790000 - 0x00007ffa4f7a4000 	C:\windows\SYSTEM32\UMPDC.dll
0x00007ffa4e6e0000 - 0x00007ffa4e6fb000 	C:\windows\SYSTEM32\kernel.appcore.dll
0x00007ffa1eee0000 - 0x00007ffa1eeea000 	D:\Program Files\JetBrains\IntelliJ IDEA Community Edition 2025.2\jbr\bin\jimage.dll
0x00007ffa4cf80000 - 0x00007ffa4d1c2000 	C:\windows\SYSTEM32\DBGHELP.DLL
0x00007ffa50580000 - 0x00007ffa50905000 	C:\windows\System32\combase.dll
0x00007ffa51460000 - 0x00007ffa51536000 	C:\windows\System32\OLEAUT32.dll
0x00007ffa25e20000 - 0x00007ffa25e5c000 	C:\windows\SYSTEM32\dbgcore.DLL
0x00007ffa4fbd0000 - 0x00007ffa4fc75000 	C:\windows\System32\bcryptPrimitives.dll
0x00007ffa14440000 - 0x00007ffa14460000 	D:\Program Files\JetBrains\IntelliJ IDEA Community Edition 2025.2\jbr\bin\java.dll

dbghelp: loaded successfully - version: 4.0.5 - missing functions: none
symbol engine: initialized successfully - sym options: 0x614 - pdb path: .;D:\Program Files\JetBrains\IntelliJ IDEA Community Edition 2025.2\jbr\bin;C:\windows\SYSTEM32;C:\windows\WinSxS\amd64_microsoft.windows.common-controls_6595b64144ccf1df_6.0.26100.7309_none_3e05feeae336a044;D:\Program Files\JetBrains\IntelliJ IDEA Community Edition 2025.2\jbr\bin\server

VM Arguments:
java_command: git4idea.http.GitAskPassApp Username for 'https://gitee.com': 
java_class_path (initial): D:/Program Files/JetBrains/IntelliJ IDEA Community Edition 2025.2/plugins/vcs-git/lib/git4idea-rt.jar;D:/Program Files/JetBrains/IntelliJ IDEA Community Edition 2025.2/lib/externalProcess-rt.jar
Launcher Type: SUN_STANDARD

[Global flags]
     intx CICompilerCount                          = 12                                        {product} {ergonomic}
     uint ConcGCThreads                            = 4                                         {product} {ergonomic}
     uint G1ConcRefinementThreads                  = 14                                        {product} {ergonomic}
   size_t G1HeapRegionSize                         = 4194304                                   {product} {ergonomic}
    uintx GCDrainStackTargetSize                   = 64                                        {product} {ergonomic}
   size_t InitialHeapSize                          = 528482304                                 {product} {ergonomic}
   size_t MarkStackSize                            = 4194304                                   {product} {ergonomic}
   size_t MaxHeapSize                              = 8447328256                                {product} {ergonomic}
   size_t MinHeapDeltaBytes                        = 4194304                                   {product} {ergonomic}
   size_t MinHeapSize                              = 8388608                                   {product} {ergonomic}
    uintx NonNMethodCodeHeapSize                   = 7602480                                {pd product} {ergonomic}
    uintx NonProfiledCodeHeapSize                  = 122027880                              {pd product} {ergonomic}
    uintx ProfiledCodeHeapSize                     = 122027880                              {pd product} {ergonomic}
    uintx ReservedCodeCacheSize                    = 251658240                              {pd product} {ergonomic}
     bool SegmentedCodeCache                       = true                                      {product} {ergonomic}
   size_t SoftMaxHeapSize                          = 8447328256                             {manageable} {ergonomic}
     bool UseCompressedOops                        = true                           {product lp64_product} {ergonomic}
     bool UseG1GC                                  = true                                      {product} {ergonomic}
     bool UseLargePagesIndividualAllocation        = false                                  {pd product} {ergonomic}

Logging:
Log output configuration:
 #0: stdout all=warning uptime,level,tags foldmultilines=false
 #1: stderr all=off uptime,level,tags foldmultilines=false

Environment Variables:
JAVA_HOME=D:\Program Files\JDK\corretto-18.0.2
PATH=D:\Program Files\Git\mingw64\libexec\git-core;D:\Program Files\Git\mingw64\libexec\git-core;D:\Program Files\Git\mingw64\bin;D:\Program Files\Git\usr\bin;C:\Users\yangg\bin;C:\windows\system32;C:\windows;C:\windows\System32\Wbem;C:\windows\System32\WindowsPowerShell\v1.0;C:\windows\System32\OpenSSH;D:\Program Files\nodejs;C:\ProgramData\chocolatey\bin;D:\Program Files\cursor\resources\app\bin;D:\Program Files\Git\cmd;D:\Program Files\Python\Scripts;D:\Program Files\Python;C:\Users\yangg\AppData\Local\Microsoft\WindowsApps;D:\Program Files\Microsoft VS Code\bin;D:\Program Files\JetBrains\PyCharm 2025.1.1.1\bin;D:\Program Files\JetBrains\IntelliJ IDEA Community Edition 2025.2\bin;C:\Users\yangg\AppData\Roaming\npm;D:\Program Files\JDK\corretto-18.0.2\bin;D:\Program Files\Antigravity\bin;D:\Program Files\Qoder\bin
USERNAME=tao.fang
DISPLAY=:0.0
LC_ALL=en_US.UTF-8
TERM=xterm-256color
TMPDIR=C:\Users\yangg\AppData\Local\Temp
OS=Windows_NT
PROCESSOR_IDENTIFIER=Intel64 Family 6 Model 170 Stepping 4, GenuineIntel
TMP=C:\Users\yangg\AppData\Local\Temp
TEMP=C:\Users\yangg\AppData\Local\Temp




Periodic native trim disabled

JNI global refs:
JNI global refs: 0, weak refs: 0

JNI global refs memory usage: 0, weak refs: 0

Process memory usage:
Resident Set Size: 13316K (0% of 32993528K total physical memory with 1703080K free physical memory)

OOME stack traces (most recent first):
Classloader memory used:

---------------  S Y S T E M  ---------------

OS:
 Windows 11 , 64 bit Build 26100 (10.0.26100.7309)
OS uptime: 9 days 13:09 hours
Hyper-V role detected

CPU: total 18 (initial active 18) (9 cores per cpu, 2 threads per core) family 6 model 170 stepping 4 microcode 0x20, cx8, cmov, fxsr, ht, mmx, 3dnowpref, sse, sse2, sse3, ssse3, sse4.1, sse4.2, popcnt, lzcnt, tsc, tscinvbit, avx, avx2, aes, erms, clmul, bmi1, bmi2, adx, sha, fma, vzeroupper, clflush, clflushopt, clwb, hv, serialize, rdtscp, rdpid, fsrm, f16c, cet_ibt, cet_ss
Processor Information for processor 0
  Max Mhz: 1200, Current Mhz: 1200, Mhz Limit: 1200
Processor Information for processor 1
  Max Mhz: 1200, Current Mhz: 1200, Mhz Limit: 1200
Processor Information for processor 2
  Max Mhz: 700, Current Mhz: 700, Mhz Limit: 700
Processor Information for processor 3
  Max Mhz: 700, Current Mhz: 700, Mhz Limit: 700
Processor Information for processor 4
  Max Mhz: 700, Current Mhz: 700, Mhz Limit: 700
Processor Information for processor 5
  Max Mhz: 700, Current Mhz: 700, Mhz Limit: 700
Processor Information for processor 6
  Max Mhz: 700, Current Mhz: 700, Mhz Limit: 700
Processor Information for processor 7
  Max Mhz: 700, Current Mhz: 700, Mhz Limit: 700
Processor Information for processor 8
  Max Mhz: 700, Current Mhz: 700, Mhz Limit: 700
Processor Information for processor 9
  Max Mhz: 700, Current Mhz: 700, Mhz Limit: 700
Processor Information for processor 10
  Max Mhz: 1200, Current Mhz: 1200, Mhz Limit: 1200
Processor Information for processor 11
  Max Mhz: 1200, Current Mhz: 1200, Mhz Limit: 1200
Processor Information for processor 12
  Max Mhz: 1200, Current Mhz: 1200, Mhz Limit: 1200
Processor Information for processor 13
  Max Mhz: 1200, Current Mhz: 1200, Mhz Limit: 1200
Processor Information for processor 14
  Max Mhz: 1200, Current Mhz: 1200, Mhz Limit: 1200
Processor Information for processor 15
  Max Mhz: 1200, Current Mhz: 1200, Mhz Limit: 1200
Processor Information for processor 16
  Max Mhz: 700, Current Mhz: 700, Mhz Limit: 700
Processor Information for processor 17
  Max Mhz: 700, Current Mhz: 700, Mhz Limit: 700

Memory: 4k page, system-wide physical 32220M (1663M free)
TotalPageFile size 79154M (AvailPageFile size 276M)
current process WorkingSet (physical memory assigned to process): 13M, peak: 13M
current process commit charge ("private bytes"): 73M, peak: 577M

vm_info: OpenJDK 64-Bit Server VM (21.0.7+6-b1038.58) for windows-amd64 JRE (21.0.7+6-b1038.58), built on 2025-07-07 by "builduser" with MS VC++ 16.10 / 16.11 (VS2019)

END.
